// Jest Snapshot v1, https://goo.gl/fbAQLP

exports[`Modal should match snapshot 1`] = `
<div>
  <div
    class="w-screen h-screen fixed top-0 left-0 flex items-center justify-center z-50 overflow-visible"
    style="opacity: 1; will-change: transform;"
  >
    <div
      class="w-[500px] h-fit bg-white rounded shadow-2xl relative flex flex-col"
    >
      <div
        class="flex justify-between h-fit py-2 px-2 bg-gray-500 rounded-t"
      >
        <h3
          class="text-lg text-gray-50 font-medium"
        >
          Title
        </h3>
        <button
          aria-label="Close Modal"
          class="h-6 w-6 transition-opacity hover:opacity-80 active:opacity-100"
        >
          <svg
            class="text-gray-50"
            fill="currentColor"
            height="100%"
            stroke="currentColor"
            stroke-width="0"
            viewBox="0 0 384 512"
            width="100%"
            xmlns="http://www.w3.org/2000/svg"
          >
            <path
              d="M342.6 150.6c12.5-12.5 12.5-32.8 0-45.3s-32.8-12.5-45.3 0L192 210.7 86.6 105.4c-12.5-12.5-32.8-12.5-45.3 0s-12.5 32.8 0 45.3L146.7 256 41.4 361.4c-12.5 12.5-12.5 32.8 0 45.3s32.8 12.5 45.3 0L192 301.3 297.4 406.6c12.5 12.5 32.8 12.5 45.3 0s12.5-32.8 0-45.3L237.3 256 342.6 150.6z"
            />
          </svg>
        </button>
      </div>
      <div
        class="px-3 py-5"
      />
    </div>
  </div>
</div>
`;
