// Jest Snapshot v1, https://goo.gl/fbAQLP

exports[`CheckBox should match snapshot 1`] = `
<div>
  <label
    class="flex flex-col"
  >
    <span
      class="text-xs mb-1 font-semibold uppercase text-gray-900"
    >
      CheckBox Label
    </span>
    <div
      class="h-7 w-7 border-2 px-2.5 rounded appearance-none cursor-pointer border-gray-700 flex items-center justify-center"
    >
      <input
        class="hidden"
        id="checkbox"
        name="Checkbox"
        type="checkbox"
      />
    </div>
  </label>
</div>
`;
