// Jest Snapshot v1, https://goo.gl/fbAQLP

exports[`DatePicker should match snapshot 1`] = `
<div>
  <label
    class="flex flex-col w-fit"
  >
    <span
      class="text-xs mb-1 font-semibold uppercase text-gray-900"
    >
      Date Picker
    </span>
    <div
      class="relative w-fit"
    >
      <div
        class="react-datepicker-wrapper"
      >
        <div
          class="react-datepicker__input-container react-datepicker__view-calendar-icon"
        >
          <svg
            class="text-gray-800 text-lg mt-1 react-datepicker__calendar-icon "
            fill="currentColor"
            height="1em"
            stroke="currentColor"
            stroke-width="0"
            viewBox="0 0 448 512"
            width="1em"
            xmlns="http://www.w3.org/2000/svg"
          >
            <path
              d="M96 32V64H48C21.5 64 0 85.5 0 112v48H448V112c0-26.5-21.5-48-48-48H352V32c0-17.7-14.3-32-32-32s-32 14.3-32 32V64H160V32c0-17.7-14.3-32-32-32S96 14.3 96 32zM448 192H0V464c0 26.5 21.5 48 48 48H400c26.5 0 48-21.5 48-48V192z"
            />
          </svg>
          <input
            class="min-w-64 min-h-11 border-2 px-2.5 rounded appearance-none cursor-pointer border-gray-700"
            type="text"
            value=""
          />
        </div>
      </div>
    </div>
  </label>
</div>
`;
