// Jest Snapshot v1, https://goo.gl/fbAQLP

exports[`SelectInput should match snapshot 1`] = `
<div>
  <label
    class="flex flex-col w-fit"
  >
    <span
      class="text-xs mb-1 font-semibold uppercase text-gray-900"
    >
      SelectInput Label
    </span>
    <div
      class="relative w-fit cursor-pointer"
    >
      <select
        class="min-h-11 border-2 px-2.5 rounded appearance-none cursor-pointer border-gray-700 min-w-64"
        id="select"
        name="select"
        role="listbox"
      >
        <option
          value="first"
        >
          First
        </option>
        <option
          value="second"
        >
          Second
        </option>
      </select>
      <div
        class="h-full w-10 absolute right-0 top-0 flex items-center justify-center"
      >
        <svg
          fill="currentColor"
          height="18px"
          stroke="currentColor"
          stroke-width="0"
          viewBox="0 0 448 512"
          width="18px"
          xmlns="http://www.w3.org/2000/svg"
        >
          <path
            d="M207.029 381.476L12.686 187.132c-9.373-9.373-9.373-24.569 0-33.941l22.667-22.667c9.357-9.357 24.522-9.375 33.901-.04L224 284.505l154.745-154.021c9.379-9.335 24.544-9.317 33.901.04l22.667 22.667c9.373 9.373 9.373 24.569 0 33.941L240.971 381.476c-9.373 9.372-24.569 9.372-33.942 0z"
          />
        </svg>
      </div>
    </div>
  </label>
</div>
`;
